Autor: Cristofer Altamirano
STAGE BUILD RELEASE 1.0.0
[INFO] Scanning for projects...
[INFO]
[INFO] ------------------< cl.cristoferaltamirano:cotizador >------------------
[INFO] Building Automatizacion de pruebas de un cotizador 1.0.0
[INFO]   from pom.xml
[INFO] --------------------------------[ jar ]---------------------------------
[INFO]
[INFO] --- resources:3.3.1:resources (default-resources) @ cotizador ---
[INFO] skip non existing resourceDirectory .\src\main\resources
[INFO]
[INFO] --- compiler:3.14.0:compile (default-compile) @ cotizador ---
[INFO] Nothing to compile - all classes are up to date.
[INFO]
[INFO] --- resources:3.3.1:testResources (default-testResources) @ cotizador ---
[INFO] skip non existing resourceDirectory .\src\test\resources
[INFO]
[INFO] --- compiler:3.14.0:testCompile (default-testCompile) @ cotizador ---
[INFO] Nothing to compile - all classes are up to date.
[INFO]
[INFO] --- surefire:3.5.3:test (default-test) @ cotizador ---
[INFO] Tests are skipped.
[INFO]
[INFO] --- jar:3.4.2:jar (default-jar) @ cotizador ---
[INFO] Building jar: .\target\cotizador-1.0.0.jar
[INFO] ------------------------------------------------------------------------
[INFO] BUILD SUCCESS
[INFO] ------------------------------------------------------------------------
[INFO] Total time:  2.249 s
[INFO] Finished at: 2026-09-15T15:13:17-03:00
[INFO] ------------------------------------------------------------------------
STAGE BUILD RELEASE 1.1.0
[INFO] Scanning for projects...
[INFO]
[INFO] ------------------< cl.cristoferaltamirano:cotizador >------------------
[INFO] Building Automatizacion de pruebas de un cotizador 1.1.0
[INFO]   from pom.xml
[INFO] --------------------------------[ jar ]---------------------------------
[INFO]
[INFO] --- resources:3.3.1:resources (default-resources) @ cotizador ---
[INFO] skip non existing resourceDirectory .\src\main\resources
[INFO]
[INFO] --- compiler:3.14.0:compile (default-compile) @ cotizador ---
[INFO] Nothing to compile - all classes are up to date.
[INFO]
[INFO] --- resources:3.3.1:testResources (default-testResources) @ cotizador ---
[INFO] skip non existing resourceDirectory .\src\test\resources
[INFO]
[INFO] --- compiler:3.14.0:testCompile (default-testCompile) @ cotizador ---
[INFO] Nothing to compile - all classes are up to date.
[INFO]
[INFO] --- surefire:3.5.3:test (default-test) @ cotizador ---
[INFO] Tests are skipped.
[INFO]
[INFO] --- jar:3.4.2:jar (default-jar) @ cotizador ---
[INFO] Building jar: .\target\cotizador-1.1.0.jar
[INFO] ------------------------------------------------------------------------
[INFO] BUILD SUCCESS
[INFO] ------------------------------------------------------------------------
[INFO] Total time:  2.079 s
[INFO] Finished at: 2026-09-15T15:13:21-03:00
[INFO] ------------------------------------------------------------------------
2026-09-15T18:13:22.1079069Z | STAGE ACCEPTANCE candidate=1.0.0 port=18081
PASS A01 disponibilidad | HTTP 200
PASS A02 version desplegada | HTTP 200
PASS A03 cotizacion con descuento | HTTP 200
PASS A04 cotizacion sin descuento | HTTP 200
PASS A05 rechazo de cantidad invalida | HTTP 400
PASS A06 ruta inexistente | HTTP 404
ACCEPTANCE SUCCESS | 6/6 | version=1.0.0 | http://127.0.0.1:18081
2026-09-15T18:13:23.4052763Z | STAGE DEPLOY staging version=1.0.0 sha256=DA086E06501BFD77B9FE90235886EE1672F0CDCCEDA5E2D4DC1DA258F0EF3A3F port=18080
PASS A01 disponibilidad | HTTP 200
PASS A02 version desplegada | HTTP 200
PASS A03 cotizacion con descuento | HTTP 200
PASS A04 cotizacion sin descuento | HTTP 200
PASS A05 rechazo de cantidad invalida | HTTP 400
PASS A06 ruta inexistente | HTTP 404
ACCEPTANCE SUCCESS | 6/6 | version=1.0.0 | http://127.0.0.1:18080
2026-09-15T18:13:24.4311310Z | DEPLOY SUCCESS version=1.0.0 sha256=DA086E06501BFD77B9FE90235886EE1672F0CDCCEDA5E2D4DC1DA258F0EF3A3F port=18080
2026-09-15T18:13:24.5016560Z | STAGE ACCEPTANCE candidate=1.1.0 port=18081
PASS A01 disponibilidad | HTTP 200
PASS A02 version desplegada | HTTP 200
PASS A03 cotizacion con descuento | HTTP 200
PASS A04 cotizacion sin descuento | HTTP 200
PASS A05 rechazo de cantidad invalida | HTTP 400
PASS A06 ruta inexistente | HTTP 404
ACCEPTANCE SUCCESS | 6/6 | version=1.1.0 | http://127.0.0.1:18081
2026-09-15T18:13:25.5081346Z | STAGE DEPLOY staging version=1.1.0 sha256=7BD4854C51A84B6E901313FBA893A2E28CB66A147B4688193032C85395E5E93A port=18080
PASS A01 disponibilidad | HTTP 200
PASS A02 version desplegada | HTTP 200
PASS A03 cotizacion con descuento | HTTP 200
PASS A04 cotizacion sin descuento | HTTP 200
PASS A05 rechazo de cantidad invalida | HTTP 400
PASS A06 ruta inexistente | HTTP 404
ACCEPTANCE SUCCESS | 6/6 | version=1.1.0 | http://127.0.0.1:18080
2026-09-15T18:13:26.5247240Z | DEPLOY SUCCESS version=1.1.0 sha256=7BD4854C51A84B6E901313FBA893A2E28CB66A147B4688193032C85395E5E93A port=18080
2026-09-15T18:13:26.5668895Z | STATUS UP version=1.1.0 sha256=7BD4854C51A84B6E901313FBA893A2E28CB66A147B4688193032C85395E5E93A port=18080
PASS A01 disponibilidad | HTTP 200
PASS A02 version desplegada | HTTP 200
PASS A03 cotizacion con descuento | HTTP 200
PASS A04 cotizacion sin descuento | HTTP 200
PASS A05 rechazo de cantidad invalida | HTTP 400
PASS A06 ruta inexistente | HTTP 404
ACCEPTANCE SUCCESS | 6/6 | version=1.0.0 | http://127.0.0.1:18080
2026-09-15T18:13:27.4648152Z | ROLLBACK SUCCESS version=1.0.0 sha256=DA086E06501BFD77B9FE90235886EE1672F0CDCCEDA5E2D4DC1DA258F0EF3A3F port=18080
2026-09-15T18:13:27.4913225Z | STATUS UP version=1.0.0 sha256=DA086E06501BFD77B9FE90235886EE1672F0CDCCEDA5E2D4DC1DA258F0EF3A3F port=18080
2026-09-15T18:13:27.5227912Z | STAGE ACCEPTANCE candidate=1.1.0 port=18081
PASS A01 disponibilidad | HTTP 200
PASS A02 version desplegada | HTTP 200
PASS A03 cotizacion con descuento | HTTP 200
PASS A04 cotizacion sin descuento | HTTP 200
PASS A05 rechazo de cantidad invalida | HTTP 400
PASS A06 ruta inexistente | HTTP 404
ACCEPTANCE SUCCESS | 6/6 | version=1.1.0 | http://127.0.0.1:18081
2026-09-15T18:13:28.4319411Z | STAGE DEPLOY staging version=1.1.0 sha256=7BD4854C51A84B6E901313FBA893A2E28CB66A147B4688193032C85395E5E93A port=18080
PASS A01 disponibilidad | HTTP 200
PASS A02 version desplegada | HTTP 200
PASS A03 cotizacion con descuento | HTTP 200
PASS A04 cotizacion sin descuento | HTTP 200
PASS A05 rechazo de cantidad invalida | HTTP 400
PASS A06 ruta inexistente | HTTP 404
ACCEPTANCE SUCCESS | 6/6 | version=1.1.0 | http://127.0.0.1:18080
2026-09-15T18:13:29.4227198Z | DEPLOY FAILED reason=Incidente controlado despues del despliegue
PASS A01 disponibilidad | HTTP 200
PASS A02 version desplegada | HTTP 200
PASS A03 cotizacion con descuento | HTTP 200
PASS A04 cotizacion sin descuento | HTTP 200
PASS A05 rechazo de cantidad invalida | HTTP 400
PASS A06 ruta inexistente | HTTP 404
ACCEPTANCE SUCCESS | 6/6 | version=1.0.0 | http://127.0.0.1:18080
2026-09-15T18:13:30.3034053Z | AUTOMATIC ROLLBACK SUCCESS version=1.0.0 sha256=DA086E06501BFD77B9FE90235886EE1672F0CDCCEDA5E2D4DC1DA258F0EF3A3F port=18080
PS>TerminatingError(): "Incidente controlado despues del despliegue"
EXPECTED INCIDENT DETECTED; recovery checked next
2026-09-15T18:13:30.3382441Z | STATUS UP version=1.0.0 sha256=DA086E06501BFD77B9FE90235886EE1672F0CDCCEDA5E2D4DC1DA258F0EF3A3F port=18080
CD SUCCESS | deploy=1.1.0 manualRollback=1.0.0 automaticRollback=1.0.0 hashVerified=true
2026-09-15T18:13:30.3965638Z | STOP SUCCESS
